[0;36m<wasm func "main">[0m:[1;35m  1[0m
[0;36m<wasm func "foo">[0m:[1;35m  10[0m
