[38;5;244m<wasm func "bar">
[0m  <wasm func "baz">
[38;5;244m<wasm func "baz">
[38;5;244m<wasm func "bar">
[0m  <wasm func "baz">
[38;5;244m<wasm func "bar">
[0m  <wasm func "baz">
[38;5;244m<wasm func "bar">
[0m  <wasm func "baz">
[38;5;244m<wasm func "baz">
[38;5;244m<wasm func "bar">
[0m  <wasm func "baz">
[38;5;244m<wasm func "bar">
[0m  <wasm func "baz">
[38;5;244m<wasm func "bar">
[0m  <wasm func "baz">
[38;5;244m<wasm func "baz">
[38;5;244m<wasm func "bar">
[0m  <wasm func "baz">
[38;5;244m<wasm func "bar">
[0m  <wasm func "baz">
[38;5;244m<wasm func "bar">
[0m  <wasm func "baz">
[38;5;244m<wasm func "baz">
[38;5;244m<wasm func "bar">
[0m  <wasm func "baz">
[38;5;244m<wasm func "bar">
[0m  <wasm func "baz">
[38;5;244m<wasm func "bar">
[0m  <wasm func "baz">
[38;5;244m<wasm func "baz">
[38;5;244m<wasm func "bar">
[0m  <wasm func "baz">
[38;5;244m<wasm func "bar">
[0m  <wasm func "baz">
[38;5;244m<wasm func "bar">
[0m  <wasm func "baz">
[38;5;244m<wasm func "baz">
[38;5;244m<wasm func "bar">
[0m  <wasm func "baz">
[38;5;244m<wasm func "bar">
[0m  <wasm func "baz">
[38;5;244m<wasm func "bar">
[0m  <wasm func "baz">
[38;5;244m<wasm func "baz">
[38;5;244m<wasm func "bar">
[0m  <wasm func "baz">
[38;5;244m<wasm func "bar">
[0m  <wasm func "baz">
[38;5;244m<wasm func "bar">
[0m  <wasm func "baz">
[38;5;244m<wasm func "baz">
[38;5;244m<wasm func "bar">
[0m  <wasm func "baz">
[38;5;244m<wasm func "bar">
[0m  <wasm func "baz">
[38;5;244m<wasm func "bar">
[0m  <wasm func "baz">
[38;5;244m<wasm func "baz">
[38;5;244m<wasm func "bar">
[0m  <wasm func "baz">
[38;5;244m<wasm func "bar">
[0m  <wasm func "baz">
[38;5;244m<wasm func "bar">
[0m  <wasm func "baz">
[38;5;244m<wasm func "baz">
[38;5;244m<wasm func "bar">
[0m  <wasm func "baz">
[38;5;244m<wasm func "bar">
[0m  <wasm func "baz">
