wasi_snapshot_preview1.fd_write(1, 65572, 1, 65596)
fd_write: success
  ==> 18
