<wasm func #1> +7
  <wasm func #2> +1
    !trap[UNREACHABLE]
