func #1: 40
func "main": 1
  +9: call [3]: 10
  +11: call [4]: 10
  +13: call [3]: 10
  +15: call [5]: 10
  +17: call [3]: 10
  +19: call [3]: 10
  +21: call [3]: 10
  +23: call [4]: 10
  +25: call [4]: 10
  +27: call [3]: 10
func "foo": 60
func "bar": 30
  +1: call [5]: 30
func #5: 40
  +1: call [1]: 40
