Instr coverage:	37 / 41 (90.2%)
Block coverage:	12 / 14 (85.7%)
