func #0:
   +1  * call[func=2]
   +3  * end
func "unreachable":
   +1    i32.const[150]
   +4    end
func #2:
   +3  * i32.const[133]
   +6  * local.set[0]
   +8  * loop[]
  +10  * i32.const[1]
  +12  * if[]
  +14  * i32.const[3]
  +16  * local.set[1]
  +18  * else
  +19    i32.const[5]
  +21    local.set[1]
  +23  * end
  +24  * loop[]
  +26  * local.get[1]
  +28  * i32.const[1]
  +30  * i32.sub
  +31  * local.set[1]
  +33  * local.get[1]
  +35  * br_if[depth=0]
  +37  * end
  +38  * local.get[0]
  +40  * i32.const[1]
  +42  * i32.sub
  +43  * local.set[0]
  +45  * local.get[0]
  +47  * br_if[depth=0]
  +49  * end
  +50  * i32.const[123]
  +53  * local.set[0]
  +55  * loop[]
  +57  * local.get[0]
  +59  * i32.const[1]
  +61  * i32.sub
  +62  * local.set[0]
  +64  * local.get[0]
  +66  * br_if[depth=0]
  +68  * end
  +69  * end
