   func "start"  +24:           399
   func "start"  +26:           399
   func "start"  +28:           399
   func "start"  +30:           399
   func "start"  +31:           399
   func "start"  +33:           399
   func "start"  +35:           399
  7 instrs                reach 50%
   func "start"   +8:           133
   func "start"  +10:           133
   func "start"  +12:           133
   func "start"  +14:           133
   func "start"  +16:           133
   func "start"  +18:           133
   func "start"  +23:           133
   func "start"  +37:           133
   func "start"  +38:           133
   func "start"  +40:           133
   func "start"  +42:           133
 18 instrs                reach 75%
   func "start"  +43:           133
   func "start"  +45:           133
   func "start"  +47:           133
   func "start"  +55:           123
   func "start"  +57:           123
   func "start"  +59:           123
 24 instrs                reach 90%
   func "start"  +61:           123
   func "start"  +62:           123
 26 instrs                reach 95%
   func "start"  +64:           123
   func "start"  +66:           123
 28 instrs                reach 99%
        func #0   +1:             1
        func #0   +3:             1
   func "start"   +3:             1
   func "start"   +6:             1
   func "start"  +49:             1
   func "start"  +50:             1
   func "start"  +53:             1
   func "start"  +68:             1
   func "start"  +69:             1
 37 instrs               reach 100%
func "unreachable"   +1:             0
func "unreachable"   +4:             0
   func "start"  +19:             0
   func "start"  +21:             0
