echo.wasm 1 222 3ABC 
func #3: 1
  +28: call [1]: 4
  +30: call [2]: 4
  +33: call [4]: 4
  +46: call [5]: 1
func #4: 4
  +7: call [2]: 4
func #5: 1
  +7: call [2]: 1
