func #0: 1
  +10: call [1]: 1
func #1: 4
  +248: call [1]: 3
  +262: call [2]: 1
  +277: call [3]: 1
func #2: 1
func #3: 1
  +1: call [4]: 1
func #4: 1
  +1: call [5]: 1
  +4: call [6]: 1
func #5: 1
func #6: 1
  +1: call [7]: 1
func #7: 1
