<wasm func #1>
  +0F  write 00010024   00010008
  +1A  write 00010028   00000012
  +25  write 0001002C   00000000
  +30  write 00010030   00000000
wasi_snapshot_preview1.fd_write(1, 65572, 1, 65596)
fd_write: success
  ==> 0
