----- reach 50%
----- reach 75%
----- reach 90%
----- reach 95%
----- reach 99%
---- reach 100%
func "bar":
   +1      3	end
func "foo":
   +1      2	call[func=1]
   +3      2	end
func "baz":
   +1      1	ref.func[func=2]
   +3      1	call[func=0]
   +5      1	end
func "main":
   +1      1	ref.func[func=2]
   +3      1	call[func=0]
   +5      1	ref.func[func=1]
   +7      1	call[func=0]
   +9      1	ref.func[func=3]
  +11      1	call[func=0]
  +13      1	end
