func "bar":
   +1 -->  end
func "foo":
   +1 -->  call[func=1]
    -      end
func "baz":
   +1 -->  ref.func[func=2]
    -      call[func=0]
    -      end
func "main":
   +1 -->  ref.func[func=2]
    -      call[func=0]
    -      ref.func[func=1]
    -      call[func=0]
    -      ref.func[func=3]
    -      call[func=0]
    -      end
