wasi_snapshot_preview1.fd_prestat_get(3, 65544)
  ==> 0
