wasi_flag_dir01.wasm:0x0: preopen path is invalid: nonexistent_dir
