Number of Envs: 2
Size of Envs: 8
Environment Variable No. 0:1=2
Environment Variable No. 1:3=4
