func "main": 1
  +1: call [1]: 1
func "start": 1
  +25: call [2]: 1
func "foo": 1
