    func "main"   +7:             5
    func "main"   +9:             5
    func "main"  +11:             5
    func "main"  +13:             5
  4 instrs                reach 50%
    func "main"  +14:             5
    func "main"  +16:             5
  6 instrs                reach 75%
    func "main"  +18:             5
  7 instrs                reach 90%
    func "main"   +3:             1
    func "main"   +5:             1
  9 instrs                reach 95%
    func "main"  +20:             1
 10 instrs                reach 99%
    func "main"  +21:             1
 11 instrs               reach 100%
   func "start"   +3:             0
   func "start"   +5:             0
   func "start"   +7:             0
   func "start"   +9:             0
   func "start"  +11:             0
   func "start"  +13:             0
   func "start"  +14:             0
   func "start"  +16:             0
   func "start"  +18:             0
   func "start"  +20:             0
   func "start"  +21:             0
