func "main":
   +1 -->  call[func=2]
    -      end
func "start":
   +1      call[func=2]
    -      end
func "do":
   +1 -->  call[func=3]
    -      call[func=3]
    -      call[func=3]
    -      call[func=4]
    -      call[func=4]
    -      call[func=4]
    -      call[func=5]
    -      call[func=5]
    -      call[func=5]
    -      end
func "foo":
   +1 -->  return
    -      end
func "bar":
   +1 -->  br[depth=0]
   +3 -->  end
func "baz":
   +1 -->  end
