func "main": 1
  +1: call [2]: 1
func "do": 1
  +1: call [3]: 1
  +3: call [3]: 1
  +5: call [3]: 1
  +7: call [4]: 1
  +9: call [4]: 1
  +11: call [4]: 1
  +13: call [5]: 1
  +15: call [5]: 1
  +17: call [5]: 1
func "foo": 3
func "bar": 3
func "baz": 3
