        func #4   +1:             9
        func #3   +1:             4
        func #3   +3:             4
        func #1   +7:             3
        func #1   +9:             3
        func #1  +11:             3
        func #1  +13:             3
        func #1  +15:             3
        func #1  +17:             3
        func #1  +19:             3
        func #1  +20:             3
 11 instrs                reach 50%
        func #1  +22:             3
        func #1  +25:             3
        func #1  +26:             3
        func #1  +31:             3
        func #1  +32:             3
        func #1  +34:             3
        func #1  +37:             3
 18 instrs                reach 75%
        func #1  +39:             3
        func #1  +41:             3
        func #1  +42:             3
        func #1  +44:             3
 22 instrs                reach 90%
        func #2   +1:             3
 23 instrs                reach 95%
        func #1   +3:             1
        func #1   +5:             1
        func #1  +46:             1
 26 instrs                reach 99%
        func #1  +47:             1
 27 instrs               reach 100%
        func #0   +1:             0
        func #0   +3:             0
        func #1  +27:             0
        func #1  +30:             0
