func "main": 1
  +10: call [2]: 1005
func "foo": 1005
