crash-compiler.wasm:0x33:Code[2]: opcode F1 (<crash-compiler>) requires "wizeng" extension
