echo.wasm 1 222 3ABC 
----- reach 50%
----- reach 75%
----- reach 90%
----- reach 95%
----- reach 99%
---- reach 100%
func #3:
   +3      1	block[]
   +5      5		loop[]
   +7      5			local.get[1]
   +9      5			local.get[0]
  +11      5			i32.ge_u
  +12      5			br_if[depth=1]
  +14      4			i32.const[1]
  +16      4			i32.const[100]
  +19      4			local.get[1]
  +21      4			i32.const[100]
  +24      4			i32.const[64000]
  +28      4			call[func=1]
  +30      4			call[func=2]
  +32      4			drop
  +33      4			call[func=4]
  +35      4			local.get[1]
  +37      4			i32.const[1]
  +39      4			i32.add
  +40      4			local.set[1]
  +42      4			br[depth=0]
  +44      0		end
  +45      1	end
  +46      1	call[func=5]
  +48      1	i32.const[0]
  +50      1	end
func #4:
   +1      4	i32.const[1]
   +3      4	i32.const[10]
   +5      4	i32.const[1]
   +7      4	call[func=2]
   +9      4	drop
  +10      4	end
func #5:
   +1      1	i32.const[1]
   +3      1	i32.const[20]
   +5      1	i32.const[1]
   +7      1	call[func=2]
   +9      1	drop
  +10      1	end
