Instr coverage:	20 / 20 (100.0%)
Block coverage:	11 / 11 (100.0%)
