----- reach 50%
----- reach 75%
----- reach 90%
----- reach 95%
----- reach 99%
---- reach 100%
func "main":
   +1      1	block[]
   +3      1		i32.const[0]
   +5      1		br_if[depth=0]
   +7      1	end
   +8      1	block[]
  +10      1		i32.const[0]
  +12      1		br_if[depth=0]
  +14      1	end
  +15      1	call[func=0]
  +17      1	block[]
  +19      1		i32.const[0]
  +21      1		br_if[depth=0]
  +23      1	end
  +24      1	call[func=0]
  +26      1	block[]
  +28      1		i32.const[0]
  +30      1		br_if[depth=0]
  +32      1	end
  +33      1	call[func=0]
  +35      1	end
