func "main": 1
  +15: call [0]: 1
  +24: call [0]: 1
  +33: call [0]: 1
