Instr coverage:	28 / 30 (93.3%)
Block coverage:	7 / 8 (87.5%)
