----- reach 50%
----- reach 75%
----- reach 90%
----- reach 95%
----- reach 99%
---- reach 100%
func #0:
   +1      0	call[func=1]
   +3      0	end
func #1:
   +3      1	i32.const[10]
   +5      1	local.set[0]
   +7     10	loop[]
   +9     10		call[func=2]
  +11     10		call[func=3]
  +13     10		call[func=2]
  +15     10		call[func=4]
  +17     10		call[func=2]
  +19     10		call[func=2]
  +21     10		call[func=2]
  +23     10		call[func=3]
  +25     10		call[func=3]
  +27     10		call[func=2]
  +29     10		local.get[0]
  +31     10		i32.const[1]
  +33     10		i32.sub
  +34     10		local.tee[0]
  +36     10		br_if[depth=0]
  +38      1	end
  +39      1	end
func #2:
   +1     60	global.get[0]
   +3     60	drop
   +4     60	end
func #3:
   +1     30	call[func=4]
   +3     30	end
func #4:
   +1     40	i64.const[123]
   +4     40	global.set[1]
   +6     40	end
