                  #R        #W
  global[0]       60         0 
  global[1]        0        40 
