func #1:
   +3	i32.const[133]
   +6	local.set[0]
   +8	-->	loop[]
  +10	|	i32.const[3]
  +12	|	local.set[1]
  +14	|	-->	loop[]
  +16	|	|	local.get[1]
  +18	|	|	i32.const[1]
  +20	|	(399)	i32.sub
  +21	|	|	local.set[1]
  +23	(399)	|	local.get[1]
  +25	|	|	br_if[depth=0]
  +27	|	<--	end
  +28	|	local.get[0]
  +30	|	i32.const[1]
  +32	|	i32.sub
  +33	|	local.set[0]
  +35	|	local.get[0]
  +37	|	br_if[depth=0]
  +39	<--	end
  +40	i32.const[123]
  +43	local.set[0]
  +45	-->	loop[]
  +47	|	local.get[0]
  +49	|	i32.const[1]
  +51	(123)	i32.sub
  +52	|	local.set[0]
  +54	|	local.get[0]
  +56	|	br_if[depth=0]
  +58	<--	end
  +59	end
func #2:
   +1	-->	loop[]
   +3	<--	end
   +4	end
