Instr coverage:	33 / 36 (91.6%)
Block coverage:	11 / 13 (84.6%)
