memory #0
memory.init: 0, 0 bytes
memory.copy: 0, 0 bytes
memory.fill: 0, 0 bytes
grows: 16, max pages: 17
 Addresses                       reads       writes
----------------------------------------------------
 00000000 ... 0000FFFF              16           32
