Instr coverage:	28 / 28 (100.0%)
Block coverage:	8 / 8 (100.0%)
