wasi_snapshot_preview1.fd_write(1, 65572, 1, 65596)
fd_write: success
  ==> 0
Instr coverage:	26 / 32 (81.2%)
Block coverage:	1 / 2 (50.0%)
