func #1: 1
  +5: call [0]: 1
  +7: call_ref:
    <wasm func #2>: 1
<wasm func #1> +7
  <wasm func #2> +1
    !trap[UNREACHABLE]
