func #1:
   +1  * i32.const[0]
   +3  * i32.const[3]
   +5  * call[func=0]
   +7  * call_ref[sig=0]
   +9  * end
