11223344-66778899func #1:
   +1 -->  i32.const[11223344]
    -      call[func=0]
    -      i32.const[-66778899]
    -      call[func=0]
    -      end
