Hello Wizeng!
        func #1   +1:             1
        func #1   +5:             1
  2 instrs                reach 50%
        func #1   +7:             1
  3 instrs                reach 75%
        func #1   +9:             1
