     func "bar"   +1:             3
     func "foo"   +1:             2
     func "foo"   +3:             2
     func "baz"   +1:             1
  4 instrs                reach 50%
     func "baz"   +3:             1
     func "baz"   +5:             1
    func "main"   +1:             1
    func "main"   +3:             1
  8 instrs                reach 75%
    func "main"   +5:             1
    func "main"   +7:             1
    func "main"   +9:             1
 11 instrs                reach 90%
    func "main"  +11:             1
 12 instrs                reach 95%
    func "main"  +13:             1
