Hello Wizeng!
----- reach 50%
----- reach 75%
----- reach 90%
----- reach 95%
----- reach 99%
---- reach 100%
func #1:
   +1      1	i32.const[52445]
   +5      1	i32.const[14]
   +7      1	call[func=0]
   +9      1	end
