func "bar":
   +1  * end
func "foo":
   +1  * call[func=1]
   +3  * end
func "baz":
   +1  * ref.func[func=2]
   +3  * call[func=0]
   +5  * end
func "main":
   +1  * ref.func[func=2]
   +3  * call[func=0]
   +5  * ref.func[func=1]
   +7  * call[func=0]
   +9  * ref.func[func=3]
  +11  * call[func=0]
  +13  * end
